============================================================
experiment=single-nvl4-spill-large-extreme-spill-limit-16384MiB-local-64GiB-20260826T032149Z
run=8/8
start_utc=2026-08-26T03:24:26+00:00
spill_label=large-extreme-spill device_limit_mib=16384
ranks=4 local_input_gib=64
rows_per_partition=536870912 columns=4 input_partitions=8 output_partitions=16
command= rrun -n 4 --bind-to cpu --bind-to memory -x UCX_TLS=\^ib\,ud:aux -x UCX_MAX_RNDV_RAILS=1 -x UCX_PROTO_ENABLE=y -x UCX_WARN_UNUSED_ENV_VARS=n libcudf_streaming_bench_shuffle -w 3 -r 10 -g -s -x -m pool -l 16384 -n 536870912 -c 4 -p 8 -o 16 -C ucxx
============================================================

[rrun] All ranks launched. Waiting for completion...

[3:PRINT:0:2026-08-26 03:24:32.763290812] Hardware setup: 
  GPU (NVIDIA GB200): 
    Device number: 0
    PCI Bus ID: 0019:01:00.0
    Total Memory: 184 GiB
[2:PRINT:0:2026-08-26 03:24:32.763290940] Hardware setup: 
  GPU (NVIDIA GB200): 
    Device number: 0
    PCI Bus ID: 0018:01:00.0
    Total Memory: 184 GiB
  Comm: UCXX(rank=2, nranks=4, ucx-version=1.23.0)

  Comm: UCXX(rank=3, nranks=4, ucx-version=1.23.0)

[1:PRINT:0:2026-08-26 03:24:32.763307260] Hardware setup: 
  GPU (NVIDIA GB200): 
    Device number: 0
    PCI Bus ID: 0009:01:00.0
    Total Memory: 184 GiB
  Comm: UCXX(rank=1, nranks=4, ucx-version=1.23.0)

[0:PRINT:0:2026-08-26 03:24:32.863481840] Arguments:
  -c ucxx (communicator)
  -r 10 (number of runs)
  -w 3 (number of warmup runs)
  -c 4 (number of columns)
  -n 536870912 (number of rows per rank)
  -p 8 (number of input partitions per rank)
  -o 16 (number of output partitions per rank)
  -m pool (RMM memory resource)
  -l 16384 (device memory limit in MiB)
  -s (enable output discard to simulate streaming)
  -x (enable memory profiling)
  -g (use pre-partitioned input tables)
Local size: 64 GiB
Total size: 256 GiB

[0:PRINT:0:2026-08-26 03:24:32.863533360] Hardware setup: 
  GPU (NVIDIA GB200): 
    Device number: 0
    PCI Bus ID: 0008:01:00.0
    Total Memory: 184 GiB
  Comm: UCXX(rank=0, nranks=4, ucx-version=1.23.0)

[2:PRINT:0:2026-08-26 03:24:47.268233007] elapsed: 14.26 s | local throughput: 4.49 GiB/s | global throughput: 17.95 GiB/s (warmup run)
[3:PRINT:0:2026-08-26 03:24:47.268233071] elapsed: 14.23 s | local throughput: 4.50 GiB/s | global throughput: 17.99 GiB/s (warmup run)
[0:PRINT:0:2026-08-26 03:24:47.268230927] elapsed: 14.25 s | local throughput: 4.49 GiB/s | global throughput: 17.97 GiB/s (warmup run)
[1:PRINT:0:2026-08-26 03:24:47.268233487] elapsed: 14.25 s | local throughput: 4.49 GiB/s | global throughput: 17.97 GiB/s (warmup run)
[3:PRINT:0:2026-08-26 03:24:50.635640083] elapsed: 3.23 s | local throughput: 19.83 GiB/s | global throughput: 79.32 GiB/s (warmup run)
[0:PRINT:0:2026-08-26 03:24:50.635640563] elapsed: 3.22 s | local throughput: 19.90 GiB/s | global throughput: 79.60 GiB/s (warmup run)
[1:PRINT:0:2026-08-26 03:24:50.635661971] elapsed: 3.23 s | local throughput: 19.84 GiB/s | global throughput: 79.35 GiB/s (warmup run)
[2:PRINT:0:2026-08-26 03:24:50.635720243] elapsed: 2.64 s | local throughput: 24.23 GiB/s | global throughput: 96.91 GiB/s (warmup run)
[2:PRINT:0:2026-08-26 03:24:52.559553800] elapsed: 1.78 s | local throughput: 35.88 GiB/s | global throughput: 143.51 GiB/s (warmup run)
[3:PRINT:0:2026-08-26 03:24:52.559543816] elapsed: 1.68 s | local throughput: 38.04 GiB/s | global throughput: 152.17 GiB/s (warmup run)
[0:PRINT:0:2026-08-26 03:24:52.559545736] elapsed: 1.78 s | local throughput: 35.96 GiB/s | global throughput: 143.86 GiB/s (warmup run)
[1:PRINT:0:2026-08-26 03:24:52.559558952] elapsed: 1.75 s | local throughput: 36.56 GiB/s | global throughput: 146.26 GiB/s (warmup run)
[1787714693.250920] [presto-gb200-gcn-04:3451658:0]    cuda_copy_md.c:401  UCX  ERROR   cuMemAlloc_v2(&alloc_handle->ptr, alloc_handle->length) failed: out of memory
[1787714693.250932] [presto-gb200-gcn-04:3451658:0]    cuda_copy_md.c:409  UCX  ERROR   unable to allocate cuda memory of length 536870912 bytes
[1787714693.250940] [presto-gb200-gcn-04:3451658:0]         uct_mem.c:168  UCX  ERROR   failed to allocate 536870912 bytes using md cuda_cpy for ucp_rndv_frags: Out of memory
[1787714693.250944] [presto-gb200-gcn-04:3451658:0]           mpool.c:246  UCX  ERROR Failed to allocate memory pool (name=ucp_rndv_frags) chunk: Out of memory
[1787714693.313442] [presto-gb200-gcn-04:3451658:0]    cuda_copy_md.c:401  UCX  ERROR   cuMemAlloc_v2(&alloc_handle->ptr, alloc_handle->length) failed: out of memory
[1787714693.313449] [presto-gb200-gcn-04:3451658:0]    cuda_copy_md.c:409  UCX  ERROR   unable to allocate cuda memory of length 536870912 bytes
[1787714693.313452] [presto-gb200-gcn-04:3451658:0]         uct_mem.c:168  UCX  ERROR   failed to allocate 536870912 bytes using md cuda_cpy for ucp_rndv_frags: Out of memory
[1787714693.313455] [presto-gb200-gcn-04:3451658:0]           mpool.c:246  UCX  ERROR Failed to allocate memory pool (name=ucp_rndv_frags) chunk: Out of memory
[1787714693.375636] [presto-gb200-gcn-04:3451658:0]    cuda_copy_md.c:401  UCX  ERROR   cuMemAlloc_v2(&alloc_handle->ptr, alloc_handle->length) failed: out of memory
[1787714693.375642] [presto-gb200-gcn-04:3451658:0]    cuda_copy_md.c:409  UCX  ERROR   unable to allocate cuda memory of length 536870912 bytes
[1787714693.375644] [presto-gb200-gcn-04:3451658:0]         uct_mem.c:168  UCX  ERROR   failed to allocate 536870912 bytes using md cuda_cpy for ucp_rndv_frags: Out of memory
[1787714693.375647] [presto-gb200-gcn-04:3451658:0]           mpool.c:246  UCX  ERROR Failed to allocate memory pool (name=ucp_rndv_frags) chunk: Out of memory
[1787714693.439040] [presto-gb200-gcn-04:3451658:0]    cuda_copy_md.c:401  UCX  ERROR   cuMemAlloc_v2(&alloc_handle->ptr, alloc_handle->length) failed: out of memory
[1787714693.439046] [presto-gb200-gcn-04:3451658:0]    cuda_copy_md.c:409  UCX  ERROR   unable to allocate cuda memory of length 536870912 bytes
[1787714693.439048] [presto-gb200-gcn-04:3451658:0]         uct_mem.c:168  UCX  ERROR   failed to allocate 536870912 bytes using md cuda_cpy for ucp_rndv_frags: Out of memory
[1787714693.439051] [presto-gb200-gcn-04:3451658:0]           mpool.c:246  UCX  ERROR Failed to allocate memory pool (name=ucp_rndv_frags) chunk: Out of memory
[1787714693.501932] [presto-gb200-gcn-04:3451658:0]    cuda_copy_md.c:401  UCX  ERROR   cuMemAlloc_v2(&alloc_handle->ptr, alloc_handle->length) failed: out of memory
[1787714693.501947] [presto-gb200-gcn-04:3451658:0]    cuda_copy_md.c:409  UCX  ERROR   unable to allocate cuda memory of length 536870912 bytes
[1787714693.501950] [presto-gb200-gcn-04:3451658:0]         uct_mem.c:168  UCX  ERROR   failed to allocate 536870912 bytes using md cuda_cpy for ucp_rndv_frags: Out of memory
[1787714693.501953] [presto-gb200-gcn-04:3451658:0]           mpool.c:246  UCX  ERROR Failed to allocate memory pool (name=ucp_rndv_frags) chunk: Out of memory
[1787714693.565432] [presto-gb200-gcn-04:3451658:0]    cuda_copy_md.c:401  UCX  ERROR   cuMemAlloc_v2(&alloc_handle->ptr, alloc_handle->length) failed: out of memory
[1787714693.565441] [presto-gb200-gcn-04:3451658:0]    cuda_copy_md.c:409  UCX  ERROR   unable to allocate cuda memory of length 536870912 bytes
[1787714693.565443] [presto-gb200-gcn-04:3451658:0]         uct_mem.c:168  UCX  ERROR   failed to allocate 536870912 bytes using md cuda_cpy for ucp_rndv_frags: Out of memory
[1787714693.565446] [presto-gb200-gcn-04:3451658:0]           mpool.c:246  UCX  ERROR Failed to allocate memory pool (name=ucp_rndv_frags) chunk: Out of memory
[1787714693.627843] [presto-gb200-gcn-04:3451658:0]    cuda_copy_md.c:401  UCX  ERROR   cuMemAlloc_v2(&alloc_handle->ptr, alloc_handle->length) failed: out of memory
[1787714693.627849] [presto-gb200-gcn-04:3451658:0]    cuda_copy_md.c:409  UCX  ERROR   unable to allocate cuda memory of length 536870912 bytes
[1787714693.627851] [presto-gb200-gcn-04:3451658:0]         uct_mem.c:168  UCX  ERROR   failed to allocate 536870912 bytes using md cuda_cpy for ucp_rndv_frags: Out of memory
[1787714693.627854] [presto-gb200-gcn-04:3451658:0]           mpool.c:246  UCX  ERROR Failed to allocate memory pool (name=ucp_rndv_frags) chunk: Out of memory
[1787714693.689982] [presto-gb200-gcn-04:3451658:0]    cuda_copy_md.c:401  UCX  ERROR   cuMemAlloc_v2(&alloc_handle->ptr, alloc_handle->length) failed: out of memory
[1787714693.689988] [presto-gb200-gcn-04:3451658:0]    cuda_copy_md.c:409  UCX  ERROR   unable to allocate cuda memory of length 536870912 bytes
[1787714693.689991] [presto-gb200-gcn-04:3451658:0]         uct_mem.c:168  UCX  ERROR   failed to allocate 536870912 bytes using md cuda_cpy for ucp_rndv_frags: Out of memory
[1787714693.689993] [presto-gb200-gcn-04:3451658:0]           mpool.c:246  UCX  ERROR Failed to allocate memory pool (name=ucp_rndv_frags) chunk: Out of memory
[1787714693.754682] [presto-gb200-gcn-04:3451658:0]    cuda_copy_md.c:401  UCX  ERROR   cuMemAlloc_v2(&alloc_handle->ptr, alloc_handle->length) failed: out of memory
[1787714693.754688] [presto-gb200-gcn-04:3451658:0]    cuda_copy_md.c:409  UCX  ERROR   unable to allocate cuda memory of length 536870912 bytes
[1787714693.754689] [presto-gb200-gcn-04:3451658:0]         uct_mem.c:168  UCX  ERROR   failed to allocate 536870912 bytes using md cuda_cpy for ucp_rndv_frags: Out of memory
[1787714693.754691] [presto-gb200-gcn-04:3451658:0]           mpool.c:246  UCX  ERROR Failed to allocate memory pool (name=ucp_rndv_frags) chunk: Out of memory
[1787714693.817641] [presto-gb200-gcn-04:3451658:0]    cuda_copy_md.c:401  UCX  ERROR   cuMemAlloc_v2(&alloc_handle->ptr, alloc_handle->length) failed: out of memory
[1787714693.817648] [presto-gb200-gcn-04:3451658:0]    cuda_copy_md.c:409  UCX  ERROR   unable to allocate cuda memory of length 536870912 bytes
[1787714693.817650] [presto-gb200-gcn-04:3451658:0]         uct_mem.c:168  UCX  ERROR   failed to allocate 536870912 bytes using md cuda_cpy for ucp_rndv_frags: Out of memory
[1787714693.817652] [presto-gb200-gcn-04:3451658:0]           mpool.c:246  UCX  ERROR Failed to allocate memory pool (name=ucp_rndv_frags) chunk: Out of memory
[1787714693.879977] [presto-gb200-gcn-04:3451658:0]    cuda_copy_md.c:401  UCX  ERROR   cuMemAlloc_v2(&alloc_handle->ptr, alloc_handle->length) failed: out of memory
[1787714693.879982] [presto-gb200-gcn-04:3451658:0]    cuda_copy_md.c:409  UCX  ERROR   unable to allocate cuda memory of length 536870912 bytes
[1787714693.879984] [presto-gb200-gcn-04:3451658:0]         uct_mem.c:168  UCX  ERROR   failed to allocate 536870912 bytes using md cuda_cpy for ucp_rndv_frags: Out of memory
[1787714693.879986] [presto-gb200-gcn-04:3451658:0]           mpool.c:246  UCX  ERROR Failed to allocate memory pool (name=ucp_rndv_frags) chunk: Out of memory
[1787714693.943371] [presto-gb200-gcn-04:3451658:0]    cuda_copy_md.c:401  UCX  ERROR   cuMemAlloc_v2(&alloc_handle->ptr, alloc_handle->length) failed: out of memory
[1787714693.943378] [presto-gb200-gcn-04:3451658:0]    cuda_copy_md.c:409  UCX  ERROR   unable to allocate cuda memory of length 536870912 bytes
[1787714693.943380] [presto-gb200-gcn-04:3451658:0]         uct_mem.c:168  UCX  ERROR   failed to allocate 536870912 bytes using md cuda_cpy for ucp_rndv_frags: Out of memory
[1787714693.943382] [presto-gb200-gcn-04:3451658:0]           mpool.c:246  UCX  ERROR Failed to allocate memory pool (name=ucp_rndv_frags) chunk: Out of memory
[1787714694.007210] [presto-gb200-gcn-04:3451658:0]    cuda_copy_md.c:401  UCX  ERROR   cuMemAlloc_v2(&alloc_handle->ptr, alloc_handle->length) failed: out of memory
[1787714694.007218] [presto-gb200-gcn-04:3451658:0]    cuda_copy_md.c:409  UCX  ERROR   unable to allocate cuda memory of length 536870912 bytes
[1787714694.007221] [presto-gb200-gcn-04:3451658:0]         uct_mem.c:168  UCX  ERROR   failed to allocate 536870912 bytes using md cuda_cpy for ucp_rndv_frags: Out of memory
[1787714694.007223] [presto-gb200-gcn-04:3451658:0]           mpool.c:246  UCX  ERROR Failed to allocate memory pool (name=ucp_rndv_frags) chunk: Out of memory
[1787714694.069403] [presto-gb200-gcn-04:3451658:0]    cuda_copy_md.c:401  UCX  ERROR   cuMemAlloc_v2(&alloc_handle->ptr, alloc_handle->length) failed: out of memory
[1787714694.069409] [presto-gb200-gcn-04:3451658:0]    cuda_copy_md.c:409  UCX  ERROR   unable to allocate cuda memory of length 536870912 bytes
[1787714694.069411] [presto-gb200-gcn-04:3451658:0]         uct_mem.c:168  UCX  ERROR   failed to allocate 536870912 bytes using md cuda_cpy for ucp_rndv_frags: Out of memory
[1787714694.069413] [presto-gb200-gcn-04:3451658:0]           mpool.c:246  UCX  ERROR Failed to allocate memory pool (name=ucp_rndv_frags) chunk: Out of memory
[1787714694.131954] [presto-gb200-gcn-04:3451658:0]    cuda_copy_md.c:401  UCX  ERROR   cuMemAlloc_v2(&alloc_handle->ptr, alloc_handle->length) failed: out of memory
[1787714694.131960] [presto-gb200-gcn-04:3451658:0]    cuda_copy_md.c:409  UCX  ERROR   unable to allocate cuda memory of length 536870912 bytes
[1787714694.131962] [presto-gb200-gcn-04:3451658:0]         uct_mem.c:168  UCX  ERROR   failed to allocate 536870912 bytes using md cuda_cpy for ucp_rndv_frags: Out of memory
[1787714694.131964] [presto-gb200-gcn-04:3451658:0]           mpool.c:246  UCX  ERROR Failed to allocate memory pool (name=ucp_rndv_frags) chunk: Out of memory
[1787714694.195989] [presto-gb200-gcn-04:3451658:0]    cuda_copy_md.c:401  UCX  ERROR   cuMemAlloc_v2(&alloc_handle->ptr, alloc_handle->length) failed: out of memory
[1787714694.195995] [presto-gb200-gcn-04:3451658:0]    cuda_copy_md.c:409  UCX  ERROR   unable to allocate cuda memory of length 536870912 bytes
[1787714694.195997] [presto-gb200-gcn-04:3451658:0]         uct_mem.c:168  UCX  ERROR   failed to allocate 536870912 bytes using md cuda_cpy for ucp_rndv_frags: Out of memory
[1787714694.195999] [presto-gb200-gcn-04:3451658:0]           mpool.c:246  UCX  ERROR Failed to allocate memory pool (name=ucp_rndv_frags) chunk: Out of memory
[1787714694.258457] [presto-gb200-gcn-04:3451658:0]    cuda_copy_md.c:401  UCX  ERROR   cuMemAlloc_v2(&alloc_handle->ptr, alloc_handle->length) failed: out of memory
[1787714694.258462] [presto-gb200-gcn-04:3451658:0]    cuda_copy_md.c:409  UCX  ERROR   unable to allocate cuda memory of length 536870912 bytes
[1787714694.258464] [presto-gb200-gcn-04:3451658:0]         uct_mem.c:168  UCX  ERROR   failed to allocate 536870912 bytes using md cuda_cpy for ucp_rndv_frags: Out of memory
[1787714694.258466] [presto-gb200-gcn-04:3451658:0]           mpool.c:246  UCX  ERROR Failed to allocate memory pool (name=ucp_rndv_frags) chunk: Out of memory
[1787714694.320573] [presto-gb200-gcn-04:3451658:0]    cuda_copy_md.c:401  UCX  ERROR   cuMemAlloc_v2(&alloc_handle->ptr, alloc_handle->length) failed: out of memory
[1787714694.320579] [presto-gb200-gcn-04:3451658:0]    cuda_copy_md.c:409  UCX  ERROR   unable to allocate cuda memory of length 536870912 bytes
[1787714694.320581] [presto-gb200-gcn-04:3451658:0]         uct_mem.c:168  UCX  ERROR   failed to allocate 536870912 bytes using md cuda_cpy for ucp_rndv_frags: Out of memory
[1787714694.320583] [presto-gb200-gcn-04:3451658:0]           mpool.c:246  UCX  ERROR Failed to allocate memory pool (name=ucp_rndv_frags) chunk: Out of memory
[1787714694.384873] [presto-gb200-gcn-04:3451658:0]    cuda_copy_md.c:401  UCX  ERROR   cuMemAlloc_v2(&alloc_handle->ptr, alloc_handle->length) failed: out of memory
[1787714694.384880] [presto-gb200-gcn-04:3451658:0]    cuda_copy_md.c:409  UCX  ERROR   unable to allocate cuda memory of length 536870912 bytes
[1787714694.384882] [presto-gb200-gcn-04:3451658:0]         uct_mem.c:168  UCX  ERROR   failed to allocate 536870912 bytes using md cuda_cpy for ucp_rndv_frags: Out of memory
[1787714694.384884] [presto-gb200-gcn-04:3451658:0]           mpool.c:246  UCX  ERROR Failed to allocate memory pool (name=ucp_rndv_frags) chunk: Out of memory
terminate called after throwing an instance of 'ucxx::NoMemoryError'
  what():  Out of memory
end_utc=2026-08-26T03:27:42+00:00
exit_code=137
